-6 -14.61629 2 <s> a b </s> 
-6 -16.72347 3 <s> a c b </s> 
-6.000002 -14.61629 2 <s> a b </s> 
-6.000004 -16.72347 3 <s> a c b </s> 
-6 -24.60057 3 <s> a c b </s> 
-6 -28.49865 2 <s> a b </s> 
-6 -24.60057 3 <s> a c b </s> 
-6.000004 -28.49865 2 <s> a b </s> 
