</s>	1.000000175953727
<s>	1
<s> a	1
<s> a b	0.2456485592943721
<s> a b </s>	0.2456485592943721
<s> a c	0.7543516166593552
<s> a c b	0.7543516166593552
<s> a c b </s>	0.7543516166593552
a	1
a b	0.2456485592943721
a b </s>	0.2456485592943721
a c	0.7543516166593552
a c b	0.7543516166593552
a c b </s>	0.7543516166593552
b	1.000000175953727
b </s>	1.000000175953727
c	0.7543516166593552
c b	0.7543516166593552
c b </s>	0.7543516166593552
