Perplexity on file: ../fngram-count/ch_lm_dev.noamp.decomposed.txt.gz
Language model: 0
6003 sentences, 32148 words, 0 OOVs
0 zeroprobs, logprob= -80708.24 ppl= 130.4652 ppl1= 323.9823
