Perplexity on file: ch_lm_dev.noamp.decomposed.txt.gz
Language model: 0
6003 sentences, 32148 words, 0 OOVs
0 zeroprobs, logprob= -84967.09 ppl= 168.7043 ppl1= 439.5391
