file ../fngram-count/ch_lm_dev.noamp.decomposed.txt.gz: 6003 sentences, 32148 words, 0 OOVs
0 zeroprobs, logprob= -86223.13 ppl= 181.9906 ppl1= 480.9148
