file ../ngram-count-gt/eval97.text: 5290 sentences, 38238 words, 681 OOVs
0 zeroprobs, logprob= -86566.65 ppl= 104.8013 ppl1= 201.809
