name sw_40008_A_0015814_0016128
numaligns 16
posterior 1.000000000000004
align 0 *DELETE* 0.9999987187827026 uhhuh 1.281217302328397e-06
reference 0 *DELETE*
info 0 uhhuh 0.55 0.54 -401.4709 -14.94176 m:hh:pum 3:43:8
align 1 uhhuh 0.9984646754860396 um 0.00128149122366211 uh 0.0002075270700753256 huh 4.630622022710198e-05 *DELETE* 0
reference 1 *DELETE*
info 1 uhhuh 0.55 0.59 -450.5208 0 m:hh:pum 3:43:13
info 1 um 0.58 0.21 -154.3537 -13.16298 puh:pum 18:3
info 1 uh 0.58 0.43 -308.7075 -17.78781 puh 43
info 1 huh 0.57 0.22 -170.8075 -17.78781 hh:pum 12:10
align 2 *DELETE* 0.9999999989418755 [laugh] 9.694222908474476e-10 uhhuh 8.870706716500942e-11
reference 2 *DELETE*
info 2 [laugh] 1.08 0.17 -160.4905 -18.14357 lau:lau 14:3
info 2 uhhuh 1.09 0.12 -118.5113 -20.98962 ax:hh:puh 3:3:6
align 3 *DELETE* 0.9583812968694748 [mouth] 0.03232816220559179 uhhuh 0.00557467539008179 [laugh] 0.003418446265291436 [noise] 0.0002746156372738216 yeah 1.446869855401325e-05 is 4.347311025376664e-06 oh 3.830867373482808e-06 huh 1.567532663868162e-07 @reject@ 1.101338117690501e-12 it 9.697164289851464e-13
reference 3 *DELETE*
info 3 [mouth] 0.79 0.56 -439.9371 -14.94176 mtn:mtn:mtn 33:12:11
info 3 uhhuh 1.09 0.15 -150.1736 0 ax:hh:puh 3:3:9
info 3 [laugh] 1.08 0.27 -240.5357 -17.78781 lau:lau 14:13
info 3 [noise] 1.03 0.33 -288.6962 -19.56659 bgn:bgn 8:25
info 3 yeah 1.13 0.09 -100.9903 0 y:ae 3:6
info 3 is 1.13 0.22 -219.4571 -36.64289 ax:z 6:16
info 3 oh 1.1 0.14 -148.9285 0 ow 14
info 3 huh 1.1 0.21 -208.8289 0 hh:ah 18:3
info 3 @reject@ 1.1 0.14 -142.9251 0 rej:rej 4:10
info 3 it 1.1 0.14 -140.2569 0 ax:t 10:4
align 4 *DELETE* 1.000000000000004 [laugh] 8.796978561262671e-17
reference 4 *DELETE*
info 4 [laugh] 1.14 0.0700001 -78.88895 -18.14357 lau:lau 4:3
align 5 *DELETE* 0.9998998143247008 in 6.893138480133467e-05 of 9.32900703854463e-06 to 6.42162866551543e-06 so 5.854557326367707e-06 uh 4.738616548976723e-06 [mouth] 1.972346792807027e-06 and 1.581102207396319e-06 [laugh] 8.720148699253713e-07 at 4.394881864240828e-07 [noise] 2.406623565221118e-08 oh 1.079604923664995e-08 is 1.066657895353294e-08 if 3.317151547795573e-15 i've 1.032242072397844e-16
reference 5 *DELETE*
info 5 in 1.35 0.06 -65.59256 -24.90294 ax:n 3:3
info 5 of 1.32 0.03 -24.72506 -27.39323 ax 3
info 5 to 1.29 0.0600001 -51.54019 -22.7684 t:ax 3:3
info 5 so 1.18 0.17 -160.0903 -33.79684 s:ax 14:3
info 5 uh 1.32 0.03 -31.12867 -11.73996 puh 3
info 5 [mouth] 1.24 0.11 -97.43275 -18.85508 mtn:mtn 3:8
info 5 and 1.35 0.0699999 -71.507 -32.01806 ax:n 4:3
info 5 [laugh] 1.14 0.21 -196.0217 -17.0763 lau:lau 8:13
info 5 at 1.31 0.0600001 -59.10001 -33.44109 ax:t 3:3
info 5 [noise] 1.3 0.0600001 -50.60633 -19.56659 bgn:bgn 3:3
info 5 oh 1.34 0.03 -40.11152 -16.00903 ow 3
info 5 is 1.29 0.0600001 -54.38624 -34.86411 ax:z 3:3
info 5 if 1.15 0.09 -93.07473 0 ax:f 4:5
info 5 i've 1.13 0.22 -206.7388 -25.25869 ay:v 3:19
align 6 that's 0.7624585757173359 the 0.1874411552770006 that 0.04667975059575756 and 0.002539890662534459 [mouth] 0.0004099841010596763 a 0.0002713795257672665 [laugh] 8.851469378453084e-05 this 4.814008595390315e-05 of 4.541083065087331e-05 they 5.720689115915397e-06 i 5.279155838476705e-06 to 2.844110099599298e-06 in 1.067269080724974e-06 it's 7.93357678531851e-07 us 4.863147776876691e-07 [noise] 4.021965096519294e-07 nice 3.518005763092465e-07 pass 2.323007542573693e-07 pests 1.834431472900902e-08 myself 2.731704308834238e-09 itself 2.397085380471892e-10
reference 6 that
info 6 that's 1.36 0.29 -241.6919 -24.90294 dh:ae:t:s 6:6:5:12
info 6 the 1.35 0.14 -125.6709 -28.81626 dh:ax 8:6
info 6 that 1.35 0.18 -157.5556 -33.79684 dh:ae:t 7:6:5
info 6 and 1.35 0.0799999 -79.60046 -35.57563 ax:n 5:3
info 6 [mouth] 0.79 0.56 -439.9371 -22.41264 mtn:mtn:mtn 33:12:11
info 6 a 1.42 0.0700001 -61.63477 0 ax 7
info 6 [laugh] 1.08 0.27 -240.5357 -34.1526 lau:lau 14:13
info 6 this 1.35 0.3 -263.0373 -22.05689 dh:ih:s 9:5:16
info 6 of 1.35 0.14 -141.8578 -27.03748 ax:v 10:4
info 6 they 1.35 0.14 -127.7165 -26.68172 dh:ey 10:4
info 6 i 1.35 0.12 -117.5774 -28.4605 ay 12
info 6 to 1.36 0.13 -131.4075 -26.68172 t:ax 3:10
info 6 in 1.35 0.06 -64.6587 -24.90294 ax:n 3:3
info 6 it's 1.35 0.3 -279.2686 -27.74899 ax:t:s 12:6:12
info 6 us 1.35 0.3 -276.1558 -19.56659 ah:s 14:16
info 6 [noise] 1.03 0.32 -277.1341 -24.19143 bgn:bgn 8:24
info 6 nice 1.34 0.2 -195.7993 -33.79684 n:ay:s 7:7:6
info 6 pass 1.35 0.3 -270.2413 -15.29752 p:ae:s 5:8:17
info 6 pests 1.35 0.3 -256.5002 -7.470881 p:eh:s:t:s 3:10:4:3:10
info 6 myself 1.35 0.48 -432.733 -54.07495 m:ay:s:eh:l:f 3:10:17:10:5:3
info 6 itself 1.35 0.48 -438.5585 -53.71919 ax:t:s:eh:l:f 12:6:12:10:5:3
align 7 *DELETE* 0.9999993423257187 i 5.928455170273921e-07 the 6.482873705348853e-08 a 1.810723510011544e-14 this 1.421416700243538e-14
reference 7 *DELETE*
info 7 i 1.43 0.0500001 -46.02597 0 ay 5
info 7 the 1.56 0.0300001 -28.86073 0 ax 3
info 7 a 1.64 0.03 -38.28827 0 ax 3
info 7 this 1.35 0.3 -263.0373 -22.05689 dh:ih:s 9:5:16
align 8 that's 0.6351249513767295 south 0.2536232226418048 our 0.09681440618178221 out 0.006370549172794548 how 0.00592552572057006 the 0.0006730838459410315 after 0.0005147926404118152 not 0.0002892923158890319 this 0.0002171407867526005 myself 0.0002120687953615917 itself 6.412245711680772e-05 else 4.848155613305053e-05 sell 4.768781254857894e-05 house 3.594082183179885e-05 self 1.079653158841121e-05 that 8.817002875259881e-06 all 4.062797863474891e-06 have 3.710632108057211e-06 stuff 3.69451422904194e-06 sound 3.576121957937147e-06 now 1.986142786131895e-06 tough 7.836872395251299e-07 shelf 3.161142566987791e-07 salad 2.666213264328509e-07 sells 2.467502965847041e-07 dallas 1.292681962150537e-07 cell 1.204391381579342e-07 shell 1.018408888674384e-07 alfred 4.777531056952192e-08 ouster 3.038271209943122e-08 half 2.77405307597945e-08 uh 1.272301197120829e-08 streep 2.971412846881427e-09 sow 2.00038814166331e-09 sao 9.840380420558929e-10 a 8.321814280603411e-10
reference 8 south
info 8 that's 1.62 0.28 -265.661 -12.45147 dh:ae:t:s 4:11:5:8
info 8 south 1.53 0.37 -309.6414 -13.51874 s:aw:th 12:15:10
info 8 our 1.65 0.16 -145.7711 -27.39323 aw:er 11:5
info 8 out 1.65 0.18 -150.2181 -29.88353 aw:t 14:4
info 8 how 1.64 0.17 -147.7722 -35.93138 hh:aw 4:13
info 8 the 1.64 0.03 -38.28827 0 ax 3
info 8 after 1.65 0.37 -331.2535 -11.73996 ae:f:t:er 12:13:5:7
info 8 not 1.65 0.16 -151.4188 0 n:aa:t 3:10:3
info 8 this 1.35 0.27 -237.2894 -38.77743 dh:ih:s 9:5:13
info 8 myself 1.35 0.48 -429.9759 -36.28714 m:ay:s:eh:l:f 5:8:17:10:5:3
info 8 itself 1.35 0.48 -438.5585 -35.93138 ax:t:s:eh:l:f 12:6:12:10:5:3
info 8 else 1.65 0.27 -239.335 -29.88353 eh:l:s 10:5:12
info 8 sell 1.49 0.3 -253.6987 -36.99865 s:eh:l 16:10:4
info 8 house 1.64 0.28 -246.8948 -29.52777 hh:aw:s 4:11:13
info 8 self 1.53 0.3 -250.0077 -35.93138 s:eh:l:f 12:10:5:3
info 8 that 1.62 0.11 -93.83071 -33.44109 dh:ae 4:7
info 8 all 1.66 0.13 -127.4497 0 ao:l 10:3
info 8 have 1.57 0.25 -216.1219 -34.50836 hh:ae:v 11:9:5
info 8 stuff 1.54 0.33 -300.1693 -33.79684 s:t:ah:f 8:4:13:8
info 8 sound 1.49 0.33 -290.2082 -33.44109 s:aw:n:d 16:10:4:3
info 8 now 1.65 0.14 -121.0461 -34.50836 n:aw 3:11
info 8 tough 1.62 0.33 -306.5285 -29.52777 t:ah:f 4:13:16
info 8 shelf 1.49 0.34 -303.1043 -35.21987 sh:eh:l:f 18:6:7:3
info 8 salad 1.53 0.29 -239.0237 -32.37382 s:ae:l:ax:d 12:8:3:3:3
info 8 sells 1.53 0.32 -279.0463 -28.10474 s:eh:l:z 12:10:6:4
info 8 dallas 1.62 0.23 -205.3158 -31.66231 d:ae:l:ax:s 3:8:4:4:4
info 8 cell 1.53 0.26 -207.8506 -34.86411 s:eh:l 12:8:6
info 8 shell 1.49 0.3 -261.2585 -34.50836 sh:eh:l 18:6:6
info 8 alfred 1.65 0.49 -435.0009 -36.64289 ae:l:f:r:ax:d 8:5:17:5:5:9
info 8 ouster 1.65 0.37 -307.5513 -9.249662 aw:s:t:er 14:11:5:7
info 8 half 1.57 0.34 -302.4373 -30.23928 hh:ae:f 11:9:14
info 8 uh 1.67 0.12 -126.3379 -49.45012 puh 12
info 8 streep 1.83 0.32 -239.2905 -35.93138 s:t:r:iy:p 7:5:6:4:10
info 8 sow 1.53 0.26 -200.8689 -31.66231 s:aw 12:14
info 8 sao 1.55 0.24 -180.0127 -33.08533 s:aw 10:14
info 8 a 1.64 0.03 -38.28827 0 ax 3
align 9 *DELETE* 0.9271550385755188 korea 0.07261198205919865 after 0.0001591604521085155 for 3.14058268399923e-05 house 3.11928936959032e-05 korea's 5.020651567518383e-06 out 2.289435745175402e-06 streets 1.379854790065706e-06 streep 8.834218299694381e-07 was 7.521043561922452e-07 trooper 5.758572251137069e-07 a 2.895272736734954e-07 free 1.20042782578616e-08 group 5.389356537884405e-09 else 4.658545692420521e-09 troops 2.910074054128825e-09 troop 2.826603632268683e-09 through 1.440828398994278e-09 sell 1.101687857352646e-10
reference 9 *DELETE*
info 9 korea 1.9 0.18 -148.4393 -11.3842 k:r:iy:ax 3:8:3:4
info 9 after 1.66 0.36 -319.647 -11.73996 ae:f:t:er 11:13:5:7
info 9 for 1.82 0.19 -164.226 0 f:r:er 13:3:3
info 9 house 1.64 0.26 -232.0865 -38.06592 hh:aw:s 4:13:9
info 9 korea's 1.9 0.23 -192.4641 -35.21987 k:r:iy:ax:z 3:8:3:4:5
info 9 out 1.65 0.18 -150.2181 -29.88353 aw:t 14:4
info 9 streets 1.81 0.33 -274.9551 -36.99865 s:t:r:iy:t:s 9:5:6:4:6:3
info 9 streep 1.84 0.31 -231.5084 -35.93138 s:t:r:iy:p 6:5:6:4:10
info 9 was 1.73 0.1 -92.94132 0 w:ax:z 4:3:3
info 9 trooper 1.9 0.39 -260.1468 -18.49932 t:r:uw:p:er 5:6:4:11:13
info 9 a 1.75 0.04 -35.88691 -28.81626 ax 4
info 9 free 1.83 0.21 -167.2054 -18.85508 f:r:iy 12:6:3
info 9 group 1.93 0.22 -177.2556 -37.35441 g:r:uw:p 3:5:4:10
info 9 else 1.67 0.23 -199.4903 -48.38285 eh:l:s 5:7:11
info 9 troops 1.9 0.24 -192.6865 -36.28714 t:r:uw:p:s 5:6:6:4:3
info 9 troop 1.9 0.25 -186.4607 -35.93138 t:r:uw:p 5:6:4:10
info 9 through 1.92 0.12 -93.65283 -11.3842 th:r:uw 3:6:3
info 9 sell 1.53 0.28 -226.0386 -50.87314 s:eh:l 12:8:8
align 10 true 0.6348324795622474 street 0.285494852997257 for 0.07262433199899276 three 0.003130430912042083 free 0.003089628083324983 a 0.00070539558493459 tree 2.842056857661169e-05 jeffrey 2.764176877915106e-05 streep 2.708547902293875e-05 trooper 1.220226153250199e-05 streets 8.775959991478363e-06 rich 7.347194970434378e-06 korea's 6.408231375291742e-06 alfred 1.786898672661419e-06 geoffrey 1.752613722685419e-06 it's 5.744628032831455e-07 through 5.459108548219029e-07 group 1.813153297608222e-07 troop 9.268844039671001e-08 re 3.199015435123778e-08 troops 2.635433756215811e-08 of 7.162244489291099e-09 ridge 3.965904104679325e-13
reference 10 street
info 10 true 1.9 0.18 -133.9422 -41.26773 t:r:uw 5:6:7
info 10 street 1.81 0.27 -224.4822 -30.23928 s:t:r:iy:t 9:5:6:4:3
info 10 for 2.08 0.21 -140.6571 -14.94176 f:r:er 8:5:8
info 10 three 1.9 0.15 -103.7474 -41.26773 th:r:iy 5:6:4
info 10 free 1.8 0.25 -195.3102 -40.55621 f:r:iy 15:6:4
info 10 a 2.02 0.03 -24.41377 -31.66231 ax 3
info 10 tree 1.9 0.15 -99.47834 -25.61445 t:r:iy 5:6:4
info 10 jeffrey 1.61 0.44 -378.9694 -39.48895 jh:eh:f:r:iy 6:10:18:6:4
info 10 streep 1.84 0.31 -231.5084 -35.93138 s:t:r:iy:p 6:5:6:4:10
info 10 trooper 1.9 0.39 -260.1468 -18.49932 t:r:uw:p:er 5:6:4:11:13
info 10 streets 1.85 0.29 -231.6418 -36.99865 s:t:r:iy:t:s 5:5:6:4:6:3
info 10 rich 2.14 0.45 -354.8669 -13.51874 r:ih:ch 14:8:23
info 10 korea's 1.9 0.23 -192.4641 -35.21987 k:r:iy:ax:z 3:8:3:4:5
info 10 alfred 1.65 0.43 -375.9454 -39.48895 ae:l:f:r:ax:d 8:5:17:5:5:3
info 10 geoffrey 1.61 0.44 -378.9694 -38.42168 jh:eh:f:r:iy 6:10:18:6:4
info 10 it's 2.29 0.34 -313.6436 0 ih:t:s 6:5:23
info 10 through 1.92 0.16 -122.8693 -40.20045 th:r:uw 3:6:7
info 10 group 1.93 0.22 -177.2556 -37.35441 g:r:uw:p 3:5:4:10
info 10 troop 1.9 0.25 -186.4607 -35.93138 t:r:uw:p 5:6:4:10
info 10 re 1.95 0.0999999 -57.9438 -38.42168 r:iy 6:4
info 10 troops 1.9 0.24 -192.6865 -36.28714 t:r:uw:p:s 5:6:6:4:3
info 10 of 2.02 0.06 -52.20723 -39.13319 ax:v 3:3
info 10 ridge 2.15 0.47 -383.861 0 r:ih:jh 13:8:26
align 11 *DELETE* 0.9996881670014707 for 0.000296310519322032 a 1.552247921218729e-05
reference 11 *DELETE*
info 11 for 2.08 0.21 -139.5009 -23.47991 f:er 8:13
info 11 a 2.04 0.03 -26.99301 -31.66231 ax 3
align 12 bridge 0.9269663119032991 its 0.0729080556288684 rich 5.832257575098167e-05 branch 2.739865373979907e-05 fridge 1.407980054906286e-05 it's 1.215870264605151e-05 [laugh] 7.327273255913169e-06 for 5.751743242567519e-06 uh 4.562977093631725e-07 @reject@ 6.90200676971565e-08 a 3.218944464917673e-08 [noise] 1.31338952808904e-08 and 8.846064726682902e-09 so 6.623360688220871e-09 [mouth] 1.958549985273348e-09 uhhuh 1.936624943042879e-09 ridge 1.769456185964404e-09 it 7.332820724087018e-10 in 3.78681329342244e-10 time 1.853365432369711e-10 yeah 1.483437731856923e-10 oh 1.220046656558567e-10 or 7.666686773757541e-11 but 6.717784843549093e-11 um 4.264512915694331e-11 huh 4.174654548196253e-11 are 2.57281080637177e-11 the 2.160506649612862e-11 too 1.800844367903252e-11 inch 1.312182728553683e-11 that 1.210835956040959e-11 him 1.026662686368993e-11 i 8.126833586701388e-12 is 7.56853599105259e-12 right 6.478809976380409e-12 no 6.124818572874986e-12 on 3.603171959584694e-12 at 2.51745974905386e-12 this 2.19314836667518e-12 with 1.876875165987424e-12 to 1.844683249131887e-12 up 1.320033168394453e-12 of 1.116390018655632e-12 out 1.070092073809984e-12 i'm 6.425447025103997e-13 if 4.914225910291838e-13 you 4.558431075442156e-13 know 3.515932620260766e-13 us 3.324251869509652e-13 now 1.624743921090601e-13 okay 8.449820173486414e-14 me 7.801199387020559e-14 stuff 7.04409264096831e-14 though 5.12930142089496e-14 like 4.955826021912143e-14 was 3.61942460989596e-14 who 2.921524677900201e-14 say 1.793361491734811e-14 as 1.635813099724645e-14 that's 1.425642984694976e-14 uhuh 1.179016438532063e-14 i've 6.574554563478617e-15 an 5.644246809816271e-15 has 3.695942365521926e-15 his 2.105113782936049e-15
reference 12 bridge
info 12 bridge 2.08 0.54 -438.4251 0 b:r:ih:jh 8:12:8:26
info 12 its 2.29 0.45 -437.8026 0 ih:t:s 6:5:34
info 12 rich 2.13 0.49 -397.5576 0 r:ih:ch 16:7:26
info 12 branch 2.05 0.57 -483.6061 0 b:r:ae:n:ch 11:13:4:4:25
info 12 fridge 2.11 0.51 -417.7468 0 f:r:ih:jh 5:12:8:26
info 12 it's 2.29 0.45 -437.8026 0 ih:t:s 6:5:34
info 12 [laugh] 2.59 0.25 -243.8264 0 lau:lau 21:4
info 12 for 2.71 0.0999999 -110.151 0 f:er 6:4
info 12 uh 2.72 0.11 -102.3244 0 puh 11
info 12 @reject@ 2.68 0.15 -162.3138 0 rej:rej 5:10
info 12 a 2.71 0.11 -112.0632 0 ax 11
info 12 [noise] 2.62 0.22 -215.1881 0 bgn:bgn 19:3
info 12 and 2.71 0.12 -121.9799 0 ax:n:d 6:3:3
info 12 so 2.71 0.11 -112.7303 0 s:ow 3:8
info 12 [mouth] 2.71 0.18 -147.461 0 mtn:mtn 10:8
info 12 uhhuh 2.68 0.15 -166.2271 0 ax:hh:puh 3:3:9
info 12 ridge 2.15 0.47 -383.861 0 r:ih:jh 13:8:26
info 12 it 2.71 0.11 -111.2183 0 ax:t 8:3
info 12 in 2.65 0.0799999 -90.71784 0 ax:n 4:4
info 12 time 2.71 0.11 -112.9081 0 t:ay:m 3:3:5
info 12 yeah 2.71 0.0999999 -113.9754 0 y:ae 5:5
info 12 oh 2.67 0.15 -165.9603 0 ow 15
info 12 or 2.68 0.06 -78.0885 0 er 6
info 12 but 2.72 0.0999999 -99.07812 0 b:ax:t 4:3:3
info 12 um 2.71 0.11 -118.4224 0 puh:pum 7:4
info 12 huh 2.71 0.0999999 -106.4601 0 hh:ah 6:4
info 12 are 2.68 0.06 -78.0885 0 er 6
info 12 the 2.71 0.11 -112.419 0 dh:ax 5:6
info 12 too 2.71 0.0999999 -111.8853 0 t:uw 5:5
info 12 inch 2.29 0.33 -302.7041 0 ih:n:ch 5:3:25
info 12 that 2.71 0.11 -114.8648 0 dh:ax:t 5:3:3
info 12 him 2.71 0.11 -109.2616 0 ax:m 7:4
info 12 i 2.71 0.0999999 -102.9914 0 ay 10
info 12 is 2.68 0.15 -160.7574 0 ax:z 11:4
info 12 right 2.64 0.0999999 -121.4908 0 r:ay:t 3:3:4
info 12 no 2.68 0.14 -159.9569 0 n:ow 3:11
info 12 on 2.71 0.11 -116.1099 0 aa:n 6:5
info 12 at 2.67 0.0699999 -87.64944 0 ae:t 3:4
info 12 this 2.71 0.13 -125.1373 0 dh:ax:s 7:3:3
info 12 with 2.71 0.13 -126.5158 0 w:ax:th 6:3:4
info 12 to 2.71 0.11 -112.5524 0 t:ax 4:7
info 12 up 2.71 0.11 -116.0655 0 ah:p 8:3
info 12 of 2.71 0.13 -119.3118 0 ax:v 7:6
info 12 out 2.68 0.06 -79.37811 0 aw:t 3:3
info 12 i'm 2.71 0.11 -105.3928 0 ay:m 6:5
info 12 if 2.71 0.13 -119.4452 0 ax:f 9:4
info 12 you 2.71 0.0999999 -111.5741 0 y:uw 6:4
info 12 know 2.68 0.14 -159.9569 0 n:ow 3:11
info 12 us 2.71 0.12 -120.3345 0 ah:s 8:4
info 12 now 2.71 0.0999999 -112.6413 0 n:aw 4:6
info 12 okay 2.67 0.11 -139.8122 0 ow:k:ey 4:4:3
info 12 me 2.65 0.0899999 -109.7953 0 m:iy 3:6
info 12 stuff 2.67 0.17 -186.0161 0 s:t:ah:f 4:5:3:5
info 12 though 2.71 0.11 -114.1978 0 dh:ow 5:6
info 12 like 2.65 0.0899999 -112.419 0 l:ay:k 3:3:3
info 12 was 2.71 0.12 -122.6025 0 w:ax:z 5:3:4
info 12 who 2.71 0.0999999 -106.8158 0 hh:uw 5:5
info 12 say 2.65 0.0899999 -106.1932 0 s:ey 3:6
info 12 as 2.71 0.12 -119.623 0 eh:z 6:6
info 12 that's 2.71 0.13 -130.7849 0 dh:ae:t:s 4:3:3:3
info 12 uhuh 2.71 0.0899999 -98.23319 0 ah:ah 6:3
info 12 i've 2.71 0.11 -107.3494 0 ay:v 7:4
info 12 an 2.65 0.0799999 -90.71784 0 ax:n 4:4
info 12 has 2.71 0.12 -118.5558 0 hh:ax:z 5:3:4
info 12 his 2.71 0.12 -118.5558 0 hh:ax:z 5:3:4
align 13 *DELETE* 0.9999999985385702 so 1.450224441151389e-09 to 4.948931267437745e-12 or 3.074799623694073e-12 in 1.70759052626107e-12 @reject@ 1.231371285802812e-12 [noise] 2.476149728925457e-13
reference 13 *DELETE*
info 13 so 2.44 0.28 -268.1513 0 s:ow 22:6
info 13 to 2.71 0.06 -71.19572 -13.51874 t:ax 3:3
info 13 or 2.68 0.04 -55.05328 0 er 4
info 13 in 2.65 0.0699999 -80.22304 0 ax:n 4:3
info 13 @reject@ 2.68 0.12 -137.4998 -17.78781 rej:rej 5:7
info 13 [noise] 2.64 0.19 -193.6203 -15.65328 bgn:bgn:bgn 3:13:3
align 14 *DELETE* 0.9961270258860897 and 0.001748927843487835 [laugh] 0.001567996424924032 uh 0.0002899162557655948 [mouth] 0.0002233413836459829 so 5.848395188860457e-06 rich 5.751743218012269e-06 uhhuh 5.607725314606947e-06 yeah 4.171525651054437e-06 it 2.868676387350657e-06 @reject@ 2.523852014146193e-06 to 2.303657403168534e-06 [noise] 2.123447449872518e-06 or 2.021469433442997e-06 that 2.01252289186161e-06 is 1.142278245167294e-06 oh 8.697868443923981e-07 but 8.022891000885759e-07 huh 7.621554804449254e-07 now 5.799029429435159e-07 right 5.293547901107621e-07 in 4.211418212404155e-07 i 3.564814870422753e-07 time 2.850280280770535e-07 um 2.456251877605467e-07 of 1.752170885118841e-07 you 1.669430047475956e-07 too 1.441909818243686e-07 that's 1.338226429009482e-07 this 1.329694007565801e-07 the 1.273054508034292e-07 him 1.271599123005503e-07 was 7.44639255973334e-08 at 7.328744751696637e-08 up 7.215832123443134e-08 on 6.096518728257516e-08 no 5.697448826567427e-08 out 5.144040364564455e-08 a 4.211751930122417e-08 with 4.173090634244606e-08 it's 2.455059512060825e-08 us 2.192619995990311e-08 i'm 1.039149824776462e-08 say 1.026584932596541e-08 if 9.022405022814414e-09 i've 4.958625404943516e-09 an 2.515012383903636e-09 know 2.834817776717619e-10 some 9.801380292112818e-11 though 7.86380530391973e-11 for 6.785041590785615e-11 okay 6.709729120925919e-11 me 6.208011977689476e-11 like 4.232457879000981e-11 are 2.477520337318601e-11 stuff 1.38153772408491e-11 uhuh 1.121905637569846e-11 as 8.344385443289136e-12 has 6.275322367782088e-12 who 5.547468658390261e-12 his 8.827175693115258e-13
reference 14 *DELETE*
info 14 and 2.71 0.12 -121.9799 0 ax:n:d 6:3:3
info 14 [laugh] 2.68 0.13 -147.461 0 lau:lau 6:7
info 14 uh 2.72 0.11 -102.3244 0 puh 11
info 14 [mouth] 2.71 0.18 -147.461 0 mtn:mtn 10:8
info 14 so 2.44 0.3 -290.0748 0 s:ow 22:8
info 14 rich 2.22 0.4 -327.1179 0 r:ih:ch 6:8:26
info 14 uhhuh 2.68 0.15 -166.2271 0 ax:hh:puh 3:3:9
info 14 yeah 2.71 0.0999999 -113.9754 0 y:ae 5:5
info 14 it 2.71 0.11 -111.2183 0 ax:t 8:3
info 14 @reject@ 2.68 0.15 -162.3138 0 rej:rej 5:10
info 14 to 2.71 0.11 -112.5524 0 t:ax 4:7
info 14 [noise] 2.64 0.2 -199.935 0 bgn:bgn:bgn 3:14:3
info 14 or 2.68 0.06 -78.0885 0 er 6
info 14 that 2.71 0.11 -114.8648 0 dh:ax:t 5:3:3
info 14 is 2.68 0.15 -160.7574 0 ax:z 11:4
info 14 oh 2.67 0.15 -165.9603 0 ow 15
info 14 but 2.72 0.0999999 -99.07812 0 b:ax:t 4:3:3
info 14 huh 2.71 0.0999999 -106.4601 0 hh:ah 6:4
info 14 now 2.71 0.0999999 -112.6413 0 n:aw 4:6
info 14 right 2.64 0.0999999 -121.4908 0 r:ay:t 3:3:4
info 14 in 2.65 0.0799999 -90.71784 0 ax:n 4:4
info 14 i 2.71 0.0999999 -102.9914 0 ay 10
info 14 time 2.71 0.11 -112.9081 0 t:ay:m 3:3:5
info 14 um 2.71 0.11 -118.4224 0 puh:pum 7:4
info 14 of 2.71 0.13 -119.3118 0 ax:v 7:6
info 14 you 2.71 0.0999999 -111.5741 0 y:uw 6:4
info 14 too 2.71 0.0999999 -111.8853 0 t:uw 5:5
info 14 that's 2.71 0.13 -130.7849 0 dh:ae:t:s 4:3:3:3
info 14 this 2.71 0.13 -125.1373 0 dh:ax:s 7:3:3
info 14 the 2.71 0.11 -112.419 0 dh:ax 5:6
info 14 him 2.71 0.11 -109.2616 0 ax:m 7:4
info 14 was 2.71 0.12 -122.6025 0 w:ax:z 5:3:4
info 14 at 2.67 0.0699999 -87.64944 0 ae:t 3:4
info 14 up 2.71 0.11 -116.0655 0 ah:p 8:3
info 14 on 2.71 0.11 -116.1099 0 aa:n 6:5
info 14 no 2.68 0.14 -159.9569 0 n:ow 3:11
info 14 out 2.68 0.06 -79.37811 0 aw:t 3:3
info 14 a 2.71 0.11 -112.0632 0 ax 11
info 14 with 2.71 0.13 -126.5158 0 w:ax:th 6:3:4
info 14 it's 2.71 0.13 -124.3813 0 ax:t:s 7:3:3
info 14 us 2.71 0.12 -120.3345 0 ah:s 8:4
info 14 i'm 2.71 0.11 -105.3928 0 ay:m 6:5
info 14 say 2.44 0.3 -291.4978 0 s:ey 24:6
info 14 if 2.71 0.13 -119.4452 0 ax:f 9:4
info 14 i've 2.71 0.11 -107.3494 0 ay:v 7:4
info 14 an 2.65 0.0799999 -90.71784 0 ax:n 4:4
info 14 know 2.68 0.14 -159.9569 0 n:ow 3:11
info 14 some 2.71 0.11 -118.9115 0 s:ah:m 5:3:3
info 14 though 2.71 0.11 -114.1978 0 dh:ow 5:6
info 14 for 2.71 0.0999999 -110.151 0 f:er 6:4
info 14 okay 2.67 0.11 -139.8122 0 ow:k:ey 4:4:3
info 14 me 2.65 0.0899999 -109.7953 0 m:iy 3:6
info 14 like 2.65 0.0899999 -112.419 0 l:ay:k 3:3:3
info 14 are 2.68 0.06 -78.0885 0 er 6
info 14 stuff 2.67 0.17 -186.0161 0 s:t:ah:f 4:5:3:5
info 14 uhuh 2.71 0.0899999 -98.23319 0 ah:ah 6:3
info 14 as 2.71 0.12 -119.623 0 eh:z 6:6
info 14 has 2.71 0.12 -118.5558 0 hh:ax:z 5:3:4
info 14 who 2.71 0.0999999 -106.8158 0 hh:uw 5:5
info 14 his 2.71 0.12 -118.5558 0 hh:ax:z 5:3:4
align 15 *DELETE* 0.9999999961268589 [mouth] 3.741204814912523e-09 uh 1.308651956280679e-10 it 8.920461127774959e-13 [noise] 1.839613751821177e-13
reference 15 *DELETE*
info 15 [mouth] 2.81 0.0800002 -42.51287 0 mtn:mtn 3:5
info 15 uh 2.93 0.03 -33.35215 0 puh 3
info 15 it 2.77 0.06 -56.12055 0 ax:t 3:3
info 15 [noise] 2.74 0.0899999 -82.98015 0 bgn:bgn 3:6
