we *noevent* were *noevent* talking *noevent* about *noevent* how *noevent* at *noevent* the *noevent* beach *noevent* for *noevent* some *noevent* reason *noevent* they *noevent* they *noevent* seem *noevent* to *noevent* really *noevent* play *noevent* up *noevent* the *noevent* santa *noevent* claus *noevent* aspect *noevent* of *noevent* christmas <S> and *noevent*
name empty.nbest-list
numaligns 62
posterior 0.950051
align 0 we 0.9496830000000001 *DELETE* 0.000367858
align 1 *noevent* 0.9486573999999999 <S> 0.001026216116 *DELETE* 0.000367858
align 2 were 0.9493499999999999 we're 0.000367858 are 0.000333603
align 3 *noevent* 0.9491715999999999 <S> 0.000879655688
align 4 talking 0.950051
align 5 *noevent* 0.949057 <S> 0.000994437586
align 6 about 0.950051
align 7 *noevent* 0.9413662 <S> 0.0086844564
align 8 how 0.950051
align 9 *DELETE* 0.941737 *noevent* 0.008225686000000001 <S> 8.817353999999999e-05
align 10 *DELETE* 0.941737 the 0.00426037 uh 0.00168649 we 0.000915862 will 0.000642777 we're 0.000424825 you 0.000383539
align 11 *noevent* 0.9366572 <S> 0.011490636 *DELETE* 0.001903392
align 12 at 0.9035710000000001 with 0.0381596 it 0.0040814 *DELETE* 0.00317232 but 0.000389709 that 0.000345677 what 0.000331658
align 13 *noevent* 0.946071 <S> 0.0027109576 *DELETE* 0.001268928
align 14 the 0.950051
align 15 *noevent* 0.9498504000000001 <S> 0.000200498522
align 16 beach 0.950051
align 17 *noevent* 0.7331744 <S> 0.21687688
align 18 for 0.950051
align 19 *noevent* 0.9474971999999999 <S> 0.0025538384692
align 20 some 0.950051
align 21 *noevent* 0.9493102 <S> 0.00074106720994
align 22 reason 0.950051
align 23 *DELETE* 0.9493122000000001 *noevent* 0.000725336 <S> 1.34286e-05
align 24 *DELETE* 0.9493122000000001 and 0.000738768
align 25 *noevent* 0.4824672 <S> 0.4675838
align 26 *DELETE* 0.9489428000000001 and 0.001108152
align 27 *DELETE* 0.9489428000000001 *noevent* 0.001107312 <S> 8.33934e-07
align 28 they 0.950051
align 29 *noevent* 0.9396024000000001 <S> 0.010448788
align 30 they 0.950051
align 31 *noevent* 0.946923 <S> 0.00312831154
align 32 seem 0.9470339999999999 seemed 0.00301698
align 33 *noevent* 0.9495844 <S> 0.00046674582
align 34 to 0.950051
align 35 *noevent* 0.9487990000000001 <S> 0.00125263352
align 36 really 0.950051
align 37 *noevent* 0.9466793999999999 <S> 0.003371769
align 38 play 0.950051
align 39 *noevent* 0.9488913999999999 <S> 0.0011598974
align 40 up 0.9316449999999998 at 0.00971165 out 0.008694530000000001
align 41 *DELETE* 0.9485116 *noevent* 0.001533222 <S> 6.2339532e-06
align 42 *DELETE* 0.9485116 to 0.001539456
align 43 *noevent* 0.933011 <S> 0.016615188 *DELETE* 0.000425118
align 44 *DELETE* 0.9498214 to 0.000229562
align 45 *DELETE* 0.9498214 *noevent* 0.0002244976 <S> 5.06456e-06
align 46 the 0.934257 to 0.0153691 *DELETE* 0.000425118
align 47 *noevent* 0.9480561999999999 <S> 0.0019951586
align 48 santa 0.950051
align 49 *noevent* 0.9430715999999999 <S> 0.006979419092
align 50 claus 0.947202 clause 0.00284941
align 51 *noevent* 0.9479915999999999 <S> 0.002059682
align 52 aspect 0.950051
align 53 *noevent* 0.9373320000000001 <S> 0.012718782
align 54 of 0.950051
align 55 *noevent* 0.9492548000000001 <S> 0.0007964948
align 56 christmas 0.950051
align 57 <S> 0.7319274 *noevent* 0.2170198 *DELETE* 0.001104512
align 58 and 0.813014 in 0.0329611 yeah 0.0256388 uh 0.0252429 then 0.0214277 *DELETE* 0.0155759 you 0.00446891 i 0.00252254 or 0.00209516 so 0.0019901 though 0.00186972 that 0.00157416 too 0.000883345 at 0.000787154
align 59 *noevent* 0.762196 <S> 0.173384 *DELETE* 0.01447138
align 60 *DELETE* 0.943631 know 0.00446891 and 0.00195097
align 61 *DELETE* 0.943631 *noevent* 0.004375802 <S> 0.0020440684
