file ../ngram-count-gt/eval97.text: 5290 sentences, 38238 words, 681 OOVs
0 zeroprobs, logprob= -86033.3 ppl= 101.8401 ppl1= 195.3167
