CLASS-00001 0.1275100401606426 [bgnoise]
CLASS-00001 0.2740963855421687 [laugh]
CLASS-00001 0.02610441767068273 [mouth_noise]
CLASS-00004 0.281615302869288 [unintelligible]
CLASS-00005 1 a
CLASS-00001 0.005020080321285141 aaa
CLASS-00007 0.00881057268722467 abajo
CLASS-00008 0.003993154592127781 abuela
CLASS-00009 0.1338481338481338 aca
CLASS-00010 0.00353356890459364 acaba
CLASS-00011 0.00414651002073255 acabar
CLASS-00010 0.004946996466431096 acabo
CLASS-00010 0.00353356890459364 acordaba
CLASS-00014 0.005555555555555556 acta
CLASS-00008 0.00513405590416429 acuerdas
CLASS-00008 0.004563605248146035 acuerdo
CLASS-00007 0.005506607929515419 adelante
CLASS-00018 0.0176056338028169 ademas
CLASS-00019 0.01362862010221465 adentro
CLASS-00007 0.01211453744493392 afuera
CLASS-00021 0.01923076923076923 agosto
CLASS-00022 0.8954248366013072 ah
CLASS-00001 0.02710843373493976 aha
CLASS-00009 0.2342342342342342 ahi
CLASS-00025 0.1867364746945899 ahora
CLASS-00009 0.05534105534105534 ahorita
CLASS-00001 0.2108433734939759 aja
CLASS-00014 0.09027777777777778 al
CLASS-00008 0.003422703936109527 alegria
CLASS-00008 0.004563605248146035 alegro
CLASS-00021 0.009615384615384616 alemania
CLASS-00021 0.01538461538461539 alfredo
CLASS-00007 0.0671806167400881 algo
CLASS-00034 0.006479481641468682 alguien
CLASS-00035 0.02872062663185379 algun
CLASS-00036 0.0303030303030303 alguna
CLASS-00007 0.1244493392070485 alla
CLASS-00025 0.07853403141361257 alli
CLASS-00001 0.01004016064257028 alo
CLASS-00040 0.0137221269296741 amaya
CLASS-00004 0.005313496280552604 americana
CLASS-00008 0.007415858528237307 amiga
CLASS-00014 0.006944444444444444 amigo
CLASS-00008 0.01140901312036509 amor
CLASS-00004 0.006376195536663124 amorcito
CLASS-00007 0.005506607929515419 analisis
CLASS-00040 0.03259005145797599 anda
CLASS-00011 0.00414651002073255 andar
CLASS-00014 0.01180555555555556 ano
CLASS-00007 0.02202643171806168 anos
CLASS-00019 0.05110732538330494 antes
CLASS-00014 0.00625 apartamento
CLASS-00009 0.2084942084942085 aqui
CLASS-00054 0.01061571125265393 araucaria
CLASS-00007 0.005506607929515419 archivos
CLASS-00011 0.00414651002073255 arreglar
CLASS-00007 0.013215859030837 arriba
CLASS-00014 0.003472222222222222 aseo
CLASS-00059 0.3645655877342419 asi
CLASS-00014 0.004861111111111111 asunto
CLASS-00061 0.04153354632587859 aunque
CLASS-00014 0.004166666666666667 auto
CLASS-00011 0.006219765031098825 averiguar
CLASS-00064 0.2241935483870968 ay
CLASS-00018 0.09683098591549295 ayer
CLASS-00025 0.01919720767888307 bambu
CLASS-00019 0.01192504258943782 barato
CLASS-00068 0.008902077151335312 barbaro
CLASS-00069 0.02884615384615385 bastante
CLASS-00014 0.005555555555555556 bautizo
CLASS-00008 0.005704506560182544 bebe
CLASS-00072 0.00755939524838013 benjamin
CLASS-00069 0.353021978021978 bien
CLASS-00004 0.008501594048884165 boluda
CLASS-00069 0.008241758241758242 bonitas
CLASS-00069 0.0206043956043956 bonito
CLASS-00072 0.005399568034557235 brasil
CLASS-00014 0.004166666666666667 buen
CLASS-00036 0.02331002331002331 buena
CLASS-00068 0.4970326409495549 bueno
CLASS-00072 0.005399568034557235 buenos
CLASS-00011 0.01589495507947478 buscar
CLASS-00007 0.01101321585903084 c
CLASS-00008 0.002852253280091272 cabeza
CLASS-00035 0.02610966057441253 cada
CLASS-00008 0.007986309184255563 caja
CLASS-00021 0.01153846153846154 california
CLASS-00008 0.003993154592127781 calle
CLASS-00008 0.00513405590416429 cama
CLASS-00090 0.007800312012480499 cambia
CLASS-00011 0.004837595024187975 cambiar
CLASS-00014 0.004861111111111111 cambio
CLASS-00014 0.003472222222222222 camino
CLASS-00014 0.00625 carajo
CLASS-00064 0.01935483870967742 carlos
CLASS-00034 0.02591792656587473 carmen
CLASS-00069 0.01373626373626374 caro
CLASS-00014 0.01111111111111111 carro
CLASS-00008 0.02681118083285796 carta
CLASS-00007 0.013215859030837 cartas
CLASS-00008 0.04791785510553337 casa
CLASS-00011 0.00414651002073255 casado
CLASS-00054 0.02335456475583864 casi
CLASS-00090 0.0109204368174727 caso
CLASS-00019 0.01022146507666099 catorce
CLASS-00034 0.005399568034557235 cecilia
CLASS-00014 0.009722222222222222 cerca
CLASS-00108 0.01594896331738437 chama
CLASS-00064 0.01290322580645161 chao
CLASS-00004 0.009564293304994687 che
CLASS-00004 0.006376195536663124 cheche
CLASS-00014 0.003472222222222222 cheque
CLASS-00068 0.01038575667655786 chevere
CLASS-00008 0.00912721049629207 chile
CLASS-00004 0.006376195536663124 chiquita
CLASS-00034 0.005399568034557235 chismes
CLASS-00022 0.008169934640522876 chuta
CLASS-00072 0.01079913606911447 cien
CLASS-00072 0.01295896328293736 ciento
CLASS-00120 0.002331002331002331 cierto
CLASS-00072 0.05399568034557235 cinco
CLASS-00072 0.01727861771058315 cincuenta
CLASS-00008 0.005704506560182544 ciudad
CLASS-00064 0.3193548387096774 claro
CLASS-00008 0.003422703936109527 clase
CLASS-00007 0.01762114537444934 clases
CLASS-00010 0.004946996466431096 cobran
CLASS-00008 0.00513405590416429 cocina
CLASS-00014 0.006944444444444444 colegio
CLASS-00011 0.006219765031098825 comer
CLASS-00054 0.7813163481953291 como
CLASS-00008 0.003422703936109527 compania
CLASS-00011 0.003455425017277125 comprado
CLASS-00011 0.01174844505874223 comprar
CLASS-00010 0.01130742049469965 compre
CLASS-00010 0.006360424028268552 compro
CLASS-00008 0.00513405590416429 computadora
CLASS-00138 0.004612546125461255 computadoras
CLASS-00139 0.9604221635883905 con
CLASS-00072 0.005399568034557235 conclusiones
CLASS-00008 0.003422703936109527 confirmacion
CLASS-00019 0.01703577512776831 conmigo
CLASS-00068 0.01483679525222552 cono
CLASS-00144 0.01265822784810127 consigo
CLASS-00014 0.004861111111111111 contacto
CLASS-00108 0.009569377990430622 contame
CLASS-00010 0.004240282685512367 conte
CLASS-00069 0.008241758241758242 contenta
CLASS-00149 0.01996007984031936 contigo
CLASS-00010 0.004946996466431096 conto
CLASS-00014 0.003472222222222222 corazon
CLASS-00014 0.009722222222222222 correo
CLASS-00008 0.02738163148887621 cosa
CLASS-00007 0.09691629955947137 cosas
CLASS-00014 0.004861111111111111 credito
CLASS-00156 0.07062780269058296 creo
CLASS-00059 0.02214650766609881 cual
CLASS-00138 0.008302583025830259 cualquier
CLASS-00018 0.2253521126760563 cuando
CLASS-00160 0.01067615658362989 cuantas
CLASS-00054 0.06581740976645435 cuanto
CLASS-00072 0.01511879049676026 cuarenta
CLASS-00014 0.00625 cuarto
CLASS-00072 0.03887688984881209 cuatro
CLASS-00008 0.01483171705647461 cuenta
CLASS-00059 0.01533219761499148 cuentame
CLASS-00008 0.003993154592127781 cuento
CLASS-00008 0.006845407872219053 cuestion
CLASS-00007 0.005506607929515419 cuestiones
CLASS-00014 0.008333333333333333 cumpleanos
CLASS-00171 0.02197802197802198 d
CLASS-00010 0.01554770318021201 da
CLASS-00011 0.003455425017277125 dado
CLASS-00064 0.008064516129032258 dale
CLASS-00010 0.01342756183745583 dan
CLASS-00069 0.01098901098901099 dando
CLASS-00011 0.01243953006219765 dar
CLASS-00138 0.004612546125461255 das
CLASS-00007 0.006607929515418502 datos
CLASS-00180 0.9901785714285715 de
CLASS-00061 0.05750798722044728 debe
CLASS-00008 0.007986309184255563 decia
CLASS-00156 0.007847533632286996 decile
CLASS-00011 0.02833448514167243 decir
CLASS-00059 0.02385008517887564 decirle
CLASS-00186 0.007712082262210797 dejame
CLASS-00011 0.006910850034554251 dejar
CLASS-00010 0.004240282685512367 deje
CLASS-00010 0.004946996466431096 dejo
CLASS-00014 0.07222222222222222 del
CLASS-00004 0.005313496280552604 demas
CLASS-00069 0.009615384615384616 demasiado
CLASS-00009 0.006435006435006435 dentro
CLASS-00014 0.007638888888888889 departamento
CLASS-00195 0.02029520295202952 depende
CLASS-00196 0.02697095435684647 desde
CLASS-00018 0.1161971830985915 despues
CLASS-00156 0.005605381165919282 di
CLASS-00014 0.07291666666666667 dia
CLASS-00014 0.003472222222222222 diablo
CLASS-00007 0.05616740088105727 dias
CLASS-00008 0.04962920707358814 dice
CLASS-00008 0.00912721049629207 dicen
CLASS-00059 0.01362862010221465 dices
CLASS-00011 0.01865929509329647 dicho
CLASS-00025 0.02094240837696335 diciembre
CLASS-00069 0.01923076923076923 diciendo
CLASS-00014 0.005555555555555556 dieciocho
CLASS-00010 0.01060070671378092 dieron
CLASS-00072 0.02375809935205184 diez
CLASS-00072 0.005399568034557235 diferentes
CLASS-00069 0.01373626373626374 dificil
CLASS-00010 0.006360424028268552 diga
CLASS-00156 0.008968609865470852 digale
CLASS-00019 0.02044293015332197 digamos
CLASS-00010 0.004240282685512367 digas
CLASS-00008 0.03194523673702225 digo
CLASS-00008 0.03822019395322305 dije
CLASS-00008 0.006845407872219053 dijeron
CLASS-00010 0.006360424028268552 dijiste
CLASS-00008 0.05590416428978894 dijo
CLASS-00068 0.01780415430267062 dile
CLASS-00004 0.02444208289054198 dime
CLASS-00014 0.01041666666666667 dinero
CLASS-00010 0.01130742049469965 dio
CLASS-00021 0.08076923076923077 dios
CLASS-00008 0.008556759840273816 direccion
CLASS-00014 0.00625 disco
CLASS-00014 0.003472222222222222 doble
CLASS-00014 0.009027777777777777 doce
CLASS-00014 0.007638888888888889 doctor
CLASS-00007 0.03634361233480176 dolares
CLASS-00014 0.009722222222222222 domingo
CLASS-00025 0.1483420593368237 donde
CLASS-00011 0.0055286800276434 dormir
CLASS-00072 0.09611231101511879 dos
CLASS-00072 0.01295896328293736 doscientos
CLASS-00010 0.004240282685512367 doy
CLASS-00069 0.008241758241758242 durmiendo
CLASS-00014 0.004861111111111111 duro
CLASS-00019 0.01192504258943782 e
CLASS-00008 0.003993154592127781 e_t-shirt
CLASS-00009 0.006435006435006435 edu
CLASS-00108 0.01435406698564593 eee
CLASS-00064 0.2483870967741935 eh
CLASS-00025 0.04363001745200698 ejemplo
CLASS-00247 0.925 el
CLASS-00014 0.004166666666666667 electronico
CLASS-00034 0.173866090712743 ella
CLASS-00034 0.05399568034557235 ellos
CLASS-00108 0.007974481658692184 empece
CLASS-00011 0.006910850034554251 empezar
CLASS-00010 0.004240282685512367 empezaron
CLASS-00018 0.01056338028169014 empezo
CLASS-00008 0.002852253280091272 empresa
CLASS-00256 0.9419354838709677 en
CLASS-00008 0.003422703936109527 encuentro
CLASS-00072 0.01619870410367171 enero
CLASS-00034 0.008639308855291577 enrique
CLASS-00004 0.008501594048884165 entendes
CLASS-00010 0.005653710247349823 entendi
CLASS-00004 0.007438894792773645 entendis
CLASS-00008 0.003422703936109527 entere
CLASS-00090 0.0124804992199688 entiende
CLASS-00008 0.01711351968054763 entiendes
CLASS-00018 0.375 entonces
CLASS-00009 0.006435006435006435 entrar
CLASS-00011 0.004837595024187975 enviar
CLASS-00269 0.06767955801104972 era
CLASS-00160 0.008896797153024912 eran
CLASS-00269 0.8383977900552486 es
CLASS-00036 0.1468531468531468 esa
CLASS-00160 0.04626334519572953 esas
CLASS-00010 0.004240282685512367 escribi
CLASS-00010 0.007067137809187279 escribio
CLASS-00011 0.00414651002073255 escribir
CLASS-00011 0.0055286800276434 escrito
CLASS-00068 0.02077151335311573 escuchame
CLASS-00069 0.008241758241758242 escuchando
CLASS-00008 0.00513405590416429 escuela
CLASS-00247 0.07000000000000001 ese
CLASS-00034 0.3196544276457883 eso
CLASS-00160 0.04092526690391459 esos
CLASS-00021 0.01346153846153846 espana
CLASS-00059 0.01533219761499148 espera
CLASS-00069 0.01236263736263736 esperando
CLASS-00171 0.01318681318681319 esperar
CLASS-00022 0.0261437908496732 esperate
CLASS-00156 0.005605381165919282 espero
CLASS-00090 0.5553822152886115 esta
CLASS-00186 0.1285347043701799 estaba
CLASS-00090 0.0187207488299532 estabamos
CLASS-00090 0.0234009360374415 estaban
CLASS-00090 0.009360374414976599 estabas
CLASS-00011 0.01313061506565307 estado
CLASS-00021 0.02307692307692308 estados
CLASS-00090 0.046801872074883 estamos
CLASS-00090 0.1201248049921997 estan
CLASS-00011 0.03939184519695923 estar
CLASS-00090 0.09828393135725429 estas
CLASS-00059 0.2879045996592845 este
CLASS-00034 0.03995680345572354 esto
CLASS-00160 0.02313167259786477 estos
CLASS-00186 0.1336760925449871 estoy
CLASS-00069 0.008241758241758242 estudiando
CLASS-00011 0.0110573600552868 estudiar
CLASS-00068 0.008902077151335312 estupendo
CLASS-00090 0.0171606864274571 estuve
CLASS-00186 0.007712082262210797 estuviera
CLASS-00090 0.0218408736349454 estuvo
CLASS-00025 0.01221640488656195 evelyn
CLASS-00312 0.01610429447852761 exacto
CLASS-00014 0.005555555555555556 examen
CLASS-00007 0.007709251101321586 examenes
CLASS-00069 0.006868131868131868 facil
CLASS-00156 0.01233183856502242 falta
CLASS-00008 0.00513405590416429 familia
CLASS-00171 0.01098901098901099 fantastico
CLASS-00014 0.006944444444444444 favor
CLASS-00014 0.003472222222222222 fax
CLASS-00008 0.003993154592127781 fecha
CLASS-00247 0.005 feliz
CLASS-00064 0.02258064516129032 fijate
CLASS-00064 0.00967741935483871 fijese
CLASS-00021 0.01346153846153846 filadelfia
CLASS-00014 0.01180555555555556 fin
CLASS-00014 0.007638888888888889 final
CLASS-00008 0.003993154592127781 foto
CLASS-00007 0.01872246696035242 fotos
CLASS-00009 0.006435006435006435 francia
CLASS-00160 0.008896797153024912 freenet
CLASS-00010 0.005653710247349823 frente
CLASS-00007 0.01541850220264317 frio
CLASS-00010 0.07915194346289753 fue
CLASS-00009 0.02831402831402832 fuera
CLASS-00010 0.006360424028268552 fueron
CLASS-00010 0.01201413427561837 fui
CLASS-00010 0.01060070671378092 fuimos
CLASS-00010 0.007773851590106007 fuiste
CLASS-00008 0.002852253280091272 fundacion
CLASS-00171 0.01318681318681319 g
CLASS-00014 0.004166666666666667 gallo
CLASS-00007 0.006607929515418502 ganas
CLASS-00025 0.008726003490401396 general
CLASS-00008 0.01597261836851113 gente
CLASS-00021 0.01153846153846154 geraldine
CLASS-00149 0.01796407185628742 gilberto
CLASS-00008 0.006845407872219053 gorda
CLASS-00004 0.007438894792773645 gordo
CLASS-00008 0.002852253280091272 grabacion
CLASS-00068 0.03412462908011869 gracias
CLASS-00008 0.004563605248146035 gran
CLASS-00069 0.02747252747252747 grande
CLASS-00019 0.01362862010221465 gratis
CLASS-00014 0.004166666666666667 guaton
CLASS-00008 0.003993154592127781 gusta
CLASS-00008 0.003422703936109527 gusto
CLASS-00059 0.02555366269165247 h
CLASS-00186 0.1619537275064267 ha
CLASS-00011 0.01174844505874223 haber
CLASS-00186 0.07069408740359898 habia
CLASS-00186 0.01413881748071979 habian
CLASS-00186 0.006426735218508998 habias
CLASS-00195 0.01845018450184502 habla
CLASS-00011 0.006910850034554251 hablado
CLASS-00010 0.009187279151943463 hablamos
CLASS-00069 0.02472527472527472 hablando
CLASS-00011 0.02833448514167243 hablar
CLASS-00010 0.00353356890459364 hablaste
CLASS-00010 0.01625441696113074 hable
CLASS-00156 0.02466367713004484 hablo
CLASS-00186 0.006426735218508998 habra
CLASS-00156 0.06390134529147982 hace
CLASS-00010 0.007067137809187279 hacen
CLASS-00011 0.06150656530753282 hacer
CLASS-00011 0.004837595024187975 hacerlo
CLASS-00186 0.007712082262210797 haces
CLASS-00156 0.006726457399103139 hacia
CLASS-00069 0.03846153846153846 haciendo
CLASS-00186 0.04241645244215939 han
CLASS-00186 0.03470437017994859 has
CLASS-00196 0.1410788381742739 hasta
CLASS-00156 0.1423766816143498 hay
CLASS-00186 0.006426735218508998 haya
CLASS-00186 0.08097686375321336 he
CLASS-00011 0.0193503800967519 hecho
CLASS-00186 0.012853470437018 hemos
CLASS-00008 0.00513405590416429 hermana
CLASS-00008 0.003422703936109527 hermano
CLASS-00156 0.01233183856502242 hice
CLASS-00019 0.02044293015332197 hija
CLASS-00004 0.03294367693942614 hijo
CLASS-00008 0.003993154592127781 historia
CLASS-00010 0.007067137809187279 hizo
CLASS-00022 0.01633986928104575 hola
CLASS-00312 0.009969325153374233 hombre
CLASS-00008 0.00912721049629207 hora
CLASS-00007 0.02202643171806168 horas
CLASS-00004 0.006376195536663124 horrible
CLASS-00014 0.003472222222222222 hotel
CLASS-00018 0.09683098591549295 hoy
CLASS-00186 0.007712082262210797 hubiera
CLASS-00014 0.004166666666666667 huevon
CLASS-00160 0.01601423487544484 i
CLASS-00010 0.04522968197879858 iba
CLASS-00010 0.00353356890459364 ibamos
CLASS-00010 0.007067137809187279 iban
CLASS-00011 0.003455425017277125 ibm
CLASS-00019 0.01703577512776831 idea
CLASS-00011 0.01036627505183138 ido
CLASS-00008 0.00513405590416429 iglesia
CLASS-00054 0.04246284501061571 igual
CLASS-00064 0.02741935483870968 imaginate
CLASS-00008 0.004563605248146035 imagino
CLASS-00415 0.006887052341597796 importa
CLASS-00004 0.006376195536663124 importante
CLASS-00014 0.008333333333333333 ingles
CLASS-00011 0.04630269523151347 ir
CLASS-00034 0.01187904967602592 irma
CLASS-00009 0.007722007722007722 irme
CLASS-00009 0.02702702702702703 jefa
CLASS-00004 0.008501594048884165 joda
CLASS-00171 0.02417582417582418 jorge
CLASS-00034 0.00755939524838013 jose
CLASS-00021 0.009615384615384616 juan
CLASS-00014 0.005555555555555556 jueves
CLASS-00021 0.01538461538461539 julio
CLASS-00007 0.006607929515418502 juntos
CLASS-00008 0.006845407872219053 juro
CLASS-00040 0.01029159519725558 justo
CLASS-00064 0.01774193548387097 knoxville
CLASS-00019 0.02214650766609881 l
CLASS-00138 0.9695571955719557 la
CLASS-00014 0.004861111111111111 laboratorio
CLASS-00014 0.01111111111111111 lado
CLASS-00007 0.006607929515418502 lados
CLASS-00007 0.006607929515418502 ladrones
CLASS-00072 0.2872570194384449 las
CLASS-00011 0.0055286800276434 lavar
CLASS-00440 0.7723214285714286 le
CLASS-00009 0.007722007722007722 leche
CLASS-00004 0.008501594048884165 lechuga
CLASS-00069 0.01098901098901099 lejos
CLASS-00440 0.05803571428571429 les
CLASS-00007 0.00881057268722467 letras
CLASS-00008 0.002852253280091272 ley
CLASS-00180 0.004464285714285714 libras
CLASS-00120 0.002331002331002331 libre
CLASS-00008 0.002852253280091272 licencia
CLASS-00068 0.01483679525222552 linda
CLASS-00068 0.01186943620178042 lindo
CLASS-00171 0.01098901098901099 lindsey
CLASS-00453 0.01082251082251082 listo
CLASS-00010 0.02190812720848057 llama
CLASS-00004 0.005313496280552604 llamada
CLASS-00011 0.006219765031098825 llamado
CLASS-00069 0.006868131868131868 llamando
CLASS-00011 0.01727712508638563 llamar
CLASS-00018 0.01232394366197183 llamaste
CLASS-00010 0.009893992932862191 llame
CLASS-00008 0.02167712492869367 llamo
CLASS-00010 0.01060070671378092 llega
CLASS-00011 0.008984105044920525 llegado
CLASS-00011 0.01243953006219765 llegar
CLASS-00010 0.00353356890459364 llegaron
CLASS-00010 0.01908127208480566 llego
CLASS-00034 0.00755939524838013 llegue
CLASS-00010 0.00353356890459364 lleva
CLASS-00011 0.0082930200414651 llevar
CLASS-00010 0.004946996466431096 lleve
CLASS-00010 0.01201413427561837 llevo
CLASS-00195 0.922509225092251 lo
CLASS-00004 0.005313496280552604 loca
CLASS-00160 0.4946619217081851 los
CLASS-00018 0.04929577464788732 luego
CLASS-00014 0.003472222222222222 lugar
CLASS-00138 0.004612546125461255 luis
CLASS-00014 0.01597222222222222 lunes
CLASS-00034 0.005399568034557235 luz
CLASS-00007 0.006607929515418502 m
CLASS-00008 0.006274957216200799 madre
CLASS-00069 0.04395604395604396 mal
CLASS-00036 0.01165501165501166 mala
CLASS-00008 0.004563605248146035 maleta
CLASS-00069 0.008241758241758242 malo
CLASS-00008 0.05362236166571591 mama
CLASS-00064 0.05 mami
CLASS-00064 0.00967741935483871 mamita
CLASS-00149 0.1277445109780439 manana
CLASS-00010 0.006360424028268552 manda
CLASS-00011 0.0110573600552868 mandado
CLASS-00054 0.01910828025477707 mandame
CLASS-00010 0.00353356890459364 mandan
CLASS-00011 0.0055286800276434 mandando
CLASS-00011 0.01727712508638563 mandar
CLASS-00010 0.00353356890459364 mandaron
CLASS-00010 0.005653710247349823 mandaste
CLASS-00010 0.02544169611307421 mande
CLASS-00010 0.03109540636042403 mando
CLASS-00008 0.002852253280091272 manera
CLASS-00007 0.01651982378854626 maneras
CLASS-00034 0.005399568034557235 manuel
CLASS-00008 0.002852253280091272 maquina
CLASS-00171 0.01098901098901099 maria
CLASS-00021 0.009615384615384616 mario
CLASS-00068 0.008902077151335312 marita
CLASS-00034 0.008639308855291577 marta
CLASS-00014 0.006944444444444444 martes
CLASS-00034 0.006479481641468682 mary
CLASS-00019 0.4071550255536627 mas
CLASS-00010 0.004240282685512367 mataron
CLASS-00512 1 me
CLASS-00004 0.01062699256110521 mechita
CLASS-00171 0.03956043956043956 media
CLASS-00014 0.00625 medico
CLASS-00008 0.007415858528237307 medida
CLASS-00025 0.02617801047120419 medio
CLASS-00149 0.1097804391217565 mejor
CLASS-00014 0.003472222222222222 menaje
CLASS-00011 0.03731859018659295 menos
CLASS-00014 0.01041666666666667 mensaje
CLASS-00019 0.01873935264054515 mentira
CLASS-00014 0.01180555555555556 mes
CLASS-00007 0.01872246696035242 meses
CLASS-00011 0.00414651002073255 meter
CLASS-00021 0.4230769230769231 mi
CLASS-00108 0.01754385964912281 mia
CLASS-00025 0.01047120418848168 miami
CLASS-00025 0.01047120418848168 mientras
CLASS-00014 0.005555555555555556 miercoles
CLASS-00008 0.006845407872219053 mierda
CLASS-00068 0.00741839762611276 mija
CLASS-00108 0.01913875598086124 mijo
CLASS-00007 0.03303964757709251 mil
CLASS-00007 0.01982378854625551 minutos
CLASS-00008 0.006845407872219053 mio
CLASS-00068 0.1097922848664688 mira
CLASS-00108 0.04465709728867624 mire
CLASS-00160 0.02669039145907473 mis
CLASS-00008 0.007415858528237307 misma
CLASS-00014 0.01666666666666667 mismo
CLASS-00001 0.2389558232931727 mmm
CLASS-00014 0.00625 modem
CLASS-00008 0.006845407872219053 modos
CLASS-00014 0.01597222222222222 momento
CLASS-00008 0.01026811180832858 monica
CLASS-00014 0.005555555555555556 monton
CLASS-00011 0.00414651002073255 morir
CLASS-00011 0.004837595024187975 mover
CLASS-00036 0.0303030303030303 mucha
CLASS-00008 0.004563605248146035 muchacha
CLASS-00014 0.008333333333333333 muchacho
CLASS-00072 0.01727861771058315 muchas
CLASS-00019 0.01192504258943782 muchisimo
CLASS-00019 0.1073253833049404 mucho
CLASS-00035 0.01566579634464752 muchos
CLASS-00014 0.01527777777777778 mundo
CLASS-00069 0.1195054945054945 muy
CLASS-00007 0.1850220264317181 nada
CLASS-00034 0.02159827213822894 nadie
CLASS-00008 0.004563605248146035 navidad
CLASS-00269 0.009668508287292817 necesita
CLASS-00186 0.006426735218508998 necesitas
CLASS-00156 0.005605381165919282 necesito
CLASS-00014 0.003472222222222222 negocio
CLASS-00014 0.003472222222222222 negro
CLASS-00019 0.1226575809199319 ni
CLASS-00008 0.004563605248146035 nina
CLASS-00035 0.03133159268929504 ningun
CLASS-00019 0.01022146507666099 ninguna
CLASS-00019 0.008517887563884156 ninguno
CLASS-00004 0.006376195536663124 nino
CLASS-00007 0.006607929515418502 ninos
CLASS-00574 0.9946351931330472 no
CLASS-00008 0.01540216771249287 noche
CLASS-00014 0.004861111111111111 nombre
CLASS-00004 0.008501594048884165 normal
CLASS-00440 0.15625 nos
CLASS-00025 0.04537521815008726 nosotros
CLASS-00007 0.005506607929515419 noticias
CLASS-00072 0.01079913606911447 noventa
CLASS-00035 0.01566579634464752 noviembre
CLASS-00014 0.00625 novio
CLASS-00036 0.01398601398601399 nueva
CLASS-00072 0.02375809935205184 nueve
CLASS-00009 0.009009009009009009 nuevo
CLASS-00007 0.007709251101321586 numeros
CLASS-00009 0.02316602316602316 nunca
CLASS-00061 0.9009584664536742 o
CLASS-00014 0.004166666666666667 obispo
CLASS-00072 0.04535637149028078 ocho
CLASS-00008 0.003993154592127781 oficina
CLASS-00022 0.05392156862745098 oh
CLASS-00004 0.01062699256110521 oiga
CLASS-00004 0.007438894792773645 oiste
CLASS-00064 0.02258064516129032 ojala
CLASS-00001 0.06526104417670683 okey
CLASS-00010 0.004240282685512367 olvide
CLASS-00008 0.005704506560182544 olvido
CLASS-00072 0.01511879049676026 once
CLASS-00008 0.003993154592127781 onda
CLASS-00036 0.1235431235431235 otra
CLASS-00072 0.01727861771058315 otras
CLASS-00014 0.04930555555555555 otro
CLASS-00160 0.01601423487544484 otros
CLASS-00068 0.1824925816023739 oye
CLASS-00171 0.01538461538461539 p
CLASS-00034 0.01079913606911447 pablo
CLASS-00010 0.004946996466431096 paga
CLASS-00011 0.003455425017277125 pagado
CLASS-00011 0.0082930200414651 pagar
CLASS-00010 0.009187279151943463 pague
CLASS-00059 0.01022146507666099 pai
CLASS-00014 0.005555555555555556 pais
CLASS-00008 0.01426126640045636 papa
CLASS-00014 0.003472222222222222 papel
CLASS-00007 0.005506607929515419 papeles
CLASS-00004 0.009564293304994687 papito
CLASS-00196 0.7780082987551867 para
CLASS-00156 0.05605381165919283 parece
CLASS-00021 0.01538461538461539 paris
CLASS-00008 0.007415858528237307 parte
CLASS-00007 0.005506607929515419 partes
CLASS-00034 0.04751619870410367 pasa
CLASS-00011 0.01796821008984105 pasado
CLASS-00014 0.003472222222222222 pasaje
CLASS-00007 0.006607929515418502 pasajes
CLASS-00069 0.008241758241758242 pasando
CLASS-00011 0.007601935038009675 pasar
CLASS-00010 0.004946996466431096 pase
CLASS-00021 0.009615384615384616 paseo
CLASS-00008 0.02224757558471192 paso
CLASS-00008 0.004563605248146035 pata
CLASS-00007 0.007709251101321586 paty
CLASS-00011 0.00414651002073255 pedir
CLASS-00008 0.01140901312036509 pena
CLASS-00011 0.004837595024187975 pensado
CLASS-00069 0.006868131868131868 pensando
CLASS-00007 0.00881057268722467 peor
CLASS-00001 0.007028112449799197 perfecto
CLASS-00108 0.8341307814992025 pero
CLASS-00008 0.004563605248146035 persona
CLASS-00007 0.01101321585903084 personas
CLASS-00014 0.004861111111111111 peso
CLASS-00007 0.01431718061674009 pesos
CLASS-00014 0.004166666666666667 piso
CLASS-00008 0.002852253280091272 pitita
CLASS-00008 0.009697661152310326 plata
CLASS-00149 0.02395209580838323 pobre
CLASS-00001 0.008032128514056224 pobrecito
CLASS-00014 0.02013888888888889 poco
CLASS-00186 0.006426735218508998 podemos
CLASS-00072 0.006479481641468682 poder
CLASS-00186 0.01928020565552699 podia
CLASS-00011 0.006910850034554251 podido
CLASS-00186 0.006426735218508998 podis
CLASS-00186 0.006426735218508998 podria
CLASS-00014 0.004166666666666667 pollo
CLASS-00011 0.0082930200414651 poner
CLASS-00014 0.01041666666666667 poquito
CLASS-00144 0.9873417721518988 por
CLASS-00149 0.6706586826347305 porque
CLASS-00008 0.002852253280091272 posibilidad
CLASS-00008 0.00513405590416429 postal
CLASS-00011 0.003455425017277125 preguntado
CLASS-00011 0.003455425017277125 preguntar
CLASS-00010 0.005653710247349823 pregunte
CLASS-00008 0.003422703936109527 pregunto
CLASS-00010 0.006360424028268552 preocupes
CLASS-00036 0.01165501165501166 primera
CLASS-00064 0.008064516129032258 primeramente
CLASS-00009 0.02187902187902188 primero
CLASS-00014 0.004166666666666667 principio
CLASS-00014 0.01388888888888889 problema
CLASS-00007 0.009911894273127754 problemas
CLASS-00008 0.004563605248146035 pucha
CLASS-00186 0.006426735218508998 pudo
CLASS-00186 0.008997429305912597 pueda
CLASS-00010 0.02756183745583039 puede
CLASS-00186 0.0102827763496144 pueden
CLASS-00186 0.02570694087403599 puedes
CLASS-00186 0.04241645244215939 puedo
CLASS-00004 0.3262486716259299 pues
CLASS-00011 0.00414651002073255 puesto
CLASS-00072 0.01403887688984881 punto
CLASS-00010 0.004240282685512367 puse
CLASS-00010 0.00353356890459364 puso
CLASS-00068 0.02077151335311573 puta
CLASS-00120 0.9953379953379954 que
CLASS-00010 0.006360424028268552 queda
CLASS-00011 0.003455425017277125 quedado
CLASS-00011 0.006910850034554251 quedar
CLASS-00010 0.004240282685512367 quedaron
CLASS-00186 0.01413881748071979 quede
CLASS-00010 0.01484098939929329 quedo
CLASS-00186 0.02313624678663239 queria
CLASS-00034 0.06263498920086392 quien
CLASS-00186 0.03598971722365039 quiere
CLASS-00186 0.007712082262210797 quieren
CLASS-00195 0.03874538745387454 quieres
CLASS-00186 0.03727506426735219 quiero
CLASS-00072 0.02267818574514039 quince
CLASS-00072 0.006479481641468682 quinientos
CLASS-00171 0.01538461538461539 quique
CLASS-00025 0.008726003490401396 ramon
CLASS-00019 0.01192504258943782 rapido
CLASS-00034 0.00755939524838013 raro
CLASS-00014 0.004861111111111111 ratito
CLASS-00014 0.00625 rato
CLASS-00069 0.02335164835164835 re
CLASS-00574 0.00536480686695279 realmente
CLASS-00011 0.004837595024187975 recibido
CLASS-00149 0.009980039920159681 recibio
CLASS-00160 0.01067615658362989 recibiste
CLASS-00059 0.02385008517887564 recien
CLASS-00453 0.00974025974025974 regio
CLASS-00440 0.01339285714285714 regreso
CLASS-00009 0.01673101673101673 repente
CLASS-00156 0.008968609865470852 resulta
CLASS-00021 0.01538461538461539 ricardo
CLASS-00068 0.00741839762611276 rico
CLASS-00025 0.008726003490401396 roatan
CLASS-00014 0.003472222222222222 robo
CLASS-00011 0.01036627505183138 rocio
CLASS-00014 0.004166666666666667 rollo
CLASS-00034 0.00755939524838013 roman
CLASS-00008 0.005704506560182544 ropa
CLASS-00014 0.009722222222222222 sabado
CLASS-00269 0.03591160220994475 sabe
CLASS-00011 0.008984105044920525 saber
CLASS-00059 0.100511073253833 sabes
CLASS-00415 0.03305785123966942 sabia
CLASS-00011 0.00414651002073255 sabido
CLASS-00011 0.004837595024187975 sacar
CLASS-00004 0.005313496280552604 saco
CLASS-00156 0.01681614349775785 sale
CLASS-00149 0.009980039920159681 salgo
CLASS-00011 0.00414651002073255 salido
CLASS-00010 0.00353356890459364 salieron
CLASS-00010 0.00353356890459364 salio
CLASS-00011 0.01243953006219765 salir
CLASS-00014 0.003472222222222222 saludos
CLASS-00138 0.008302583025830259 san
CLASS-00415 0.9600550964187328 se
CLASS-00011 0.09813407049067036 sea
CLASS-00072 0.005399568034557235 sec
CLASS-00008 0.002852253280091272 secadora
CLASS-00011 0.004837595024187975 seguir
CLASS-00059 0.01533219761499148 seguro
CLASS-00072 0.02807775377969762 seis
CLASS-00008 0.01825442099258414 semana
CLASS-00007 0.005506607929515419 semanas
CLASS-00014 0.009722222222222222 senor
CLASS-00008 0.006274957216200799 senora
CLASS-00021 0.02115384615384616 septiembre
CLASS-00011 0.02073255010366275 ser
CLASS-00269 0.01243093922651934 sera
CLASS-00068 0.01632047477744807 seria
CLASS-00021 0.01346153846153846 serio
CLASS-00072 0.008639308855291577 sesenta
CLASS-00072 0.005399568034557235 setenta
CLASS-00312 0.9739263803680982 si
CLASS-00011 0.004837595024187975 sido
CLASS-00054 0.05732484076433121 siempre
CLASS-00008 0.00513405590416429 siento
CLASS-00072 0.02807775377969762 siete
CLASS-00090 0.009360374414976599 sigue
CLASS-00014 0.004166666666666667 siguiente
CLASS-00139 0.0395778364116095 sin
CLASS-00196 0.03112033195020747 sino
CLASS-00019 0.008517887563884156 siquiera
CLASS-00008 0.003422703936109527 situacion
CLASS-00196 0.02282157676348548 sobre
CLASS-00008 0.00513405590416429 sofia
CLASS-00004 0.01381509032943677 sola
CLASS-00180 0.005357142857142857 solamente
CLASS-00009 0.03732303732303732 solo
CLASS-00160 0.1192170818505338 son
CLASS-00186 0.012853470437018 soy
CLASS-00021 0.1 su
CLASS-00004 0.01912858660998937 suegra
CLASS-00069 0.0206043956043956 super
CLASS-00156 0.005605381165919282 supongo
CLASS-00025 0.01570680628272251 supuesto
CLASS-00160 0.0302491103202847 sus
CLASS-00059 0.02896081771720613 t
CLASS-00171 0.09010989010989011 tal
CLASS-00008 0.006274957216200799 talla
CLASS-00014 0.003472222222222222 taller
CLASS-00009 0.148005148005148 tambien
CLASS-00034 0.0183585313174946 tampoco
CLASS-00069 0.03159340659340659 tan
CLASS-00025 0.03315881326352531 tanto
CLASS-00008 0.01369081574443811 tarde
CLASS-00008 0.002852253280091272 tarjeta
CLASS-00796 0.979296066252588 te
CLASS-00014 0.02083333333333333 telefono
CLASS-00014 0.003472222222222222 televisor
CLASS-00156 0.02914798206278027 tenemos
CLASS-00011 0.0221147201105736 tener
CLASS-00156 0.007847533632286996 tenes
CLASS-00156 0.1558295964125561 tengo
CLASS-00156 0.04820627802690583 tenia
CLASS-00156 0.006726457399103139 teniamos
CLASS-00059 0.008517887563884156 tenis
CLASS-00021 0.01346153846153846 tennessee
CLASS-00021 0.01730769230769231 teresa
CLASS-00007 0.005506607929515419 terminos
CLASS-00453 0.006493506493506494 terrible
CLASS-00025 0.02617801047120419 ti
CLASS-00008 0.004563605248146035 tia
CLASS-00019 0.08347529812606473 tiempo
CLASS-00156 0.1468609865470852 tiene
CLASS-00156 0.04260089686098655 tienen
CLASS-00156 0.04820627802690583 tienes
CLASS-00014 0.01805555555555555 tipo
CLASS-00014 0.003472222222222222 tiro
CLASS-00010 0.009187279151943463 toca
CLASS-00256 0.05806451612903226 toda
CLASS-00160 0.06761565836298933 todas
CLASS-00034 0.07235421166306695 todavia
CLASS-00025 0.2966841186736475 todo
CLASS-00021 0.1384615384615385 todos
CLASS-00069 0.008241758241758242 tomando
CLASS-00011 0.0055286800276434 tomar
CLASS-00014 0.005555555555555556 tono
CLASS-00004 0.007438894792773645 total
CLASS-00069 0.01923076923076923 trabajando
CLASS-00011 0.008984105044920525 trabajar
CLASS-00014 0.01875 trabajo
CLASS-00156 0.008968609865470852 trae
CLASS-00011 0.004837595024187975 traer
CLASS-00010 0.00353356890459364 traes
CLASS-00156 0.005605381165919282 trajo
CLASS-00069 0.01098901098901099 tranquila
CLASS-00069 0.01373626373626374 tranquilo
CLASS-00011 0.00414651002073255 tratar
CLASS-00072 0.03023758099352052 treinta
CLASS-00014 0.003472222222222222 tren
CLASS-00072 0.05723542116630669 tres
CLASS-00072 0.005399568034557235 trescientos
CLASS-00171 0.5582417582417583 tu
CLASS-00160 0.01779359430604982 tus
CLASS-00156 0.01233183856502242 tuve
CLASS-00149 0.009980039920159681 tuya
CLASS-00014 0.004166666666666667 tuyo
CLASS-00796 0.02070393374741201 u
CLASS-00453 0.007575757575757576 uh
CLASS-00014 0.01180555555555556 ultimo
CLASS-00035 0.8825065274151436 un
CLASS-00036 0.6083916083916084 una
CLASS-00072 0.03779697624190065 unas
CLASS-00156 0.006726457399103139 unico
CLASS-00008 0.005704506560182544 unidos
CLASS-00008 0.01197946377638334 universidad
CLASS-00171 0.08791208791208792 uno
CLASS-00160 0.04626334519572953 unos
CLASS-00034 0.04211663066954643 usted
CLASS-00034 0.01727861771058315 ustedes
CLASS-00059 0.01703577512776831 v
CLASS-00010 0.1060070671378092 va
CLASS-00007 0.007709251101321586 vacaciones
CLASS-00008 0.01083856246434683 vaina
CLASS-00269 0.03591160220994475 vale
CLASS-00010 0.03745583038869258 vamos
CLASS-00010 0.03816254416961131 van
CLASS-00160 0.01601423487544484 varias
CLASS-00010 0.02826855123674912 vas
CLASS-00010 0.01625441696113074 vaya
CLASS-00068 0.00741839762611276 vayamos
CLASS-00010 0.007067137809187279 vayan
CLASS-00059 0.0272572402044293 ve
CLASS-00156 0.005605381165919282 vea
CLASS-00011 0.01313061506565307 veces
CLASS-00014 0.01666666666666667 veinte
CLASS-00014 0.005555555555555556 veinticuatro
CLASS-00014 0.005555555555555556 veintitres
CLASS-00014 0.003472222222222222 veintiuno
CLASS-00156 0.005605381165919282 venden
CLASS-00040 0.0137221269296741 vengas
CLASS-00011 0.006910850034554251 venido
CLASS-00011 0.01174844505874223 venir
CLASS-00156 0.01569506726457399 veo
CLASS-00011 0.07809260539046303 ver
CLASS-00009 0.01544401544401544 veras
CLASS-00004 0.09989373007438895 verdad
CLASS-00008 0.004563605248146035 veronica
CLASS-00004 0.02444208289054198 ves
CLASS-00008 0.02110667427267541 vez
CLASS-00010 0.009187279151943463 vi
CLASS-00014 0.00625 viaje
CLASS-00008 0.00912721049629207 vida
CLASS-00014 0.004861111111111111 video
CLASS-00008 0.00513405590416429 vieja
CLASS-00014 0.00625 viejo
CLASS-00069 0.01510989010989011 viendo
CLASS-00090 0.0405616224648986 viene
CLASS-00090 0.007800312012480499 vienen
CLASS-00014 0.009722222222222222 viernes
CLASS-00010 0.009893992932862191 vino
CLASS-00010 0.004240282685512367 vio
CLASS-00108 0.03668261562998405 viste
CLASS-00011 0.01174844505874223 visto
CLASS-00069 0.01373626373626374 viviendo
CLASS-00011 0.0055286800276434 vivir
CLASS-00011 0.004837595024187975 volver
CLASS-00171 0.08791208791208792 vos
CLASS-00010 0.09540636042402827 voy
CLASS-00008 0.00513405590416429 voz
CLASS-00008 0.004563605248146035 vuelta
CLASS-00007 0.005506607929515419 x
CLASS-00912 1 y
CLASS-00453 0.9653679653679653 ya
CLASS-00069 0.01785714285714286 yendo
CLASS-00040 0.9296740994854202 yo
CLASS-00008 0.003422703936109527 zapato
