file eval97.text: 5290 sentences, 38238 words, 681 OOVs
0 zeroprobs, logprob= -87336.37 ppl= 109.2273 ppl1= 211.5608
