file ../ngram-count-gt/eval97.text: 5290 sentences, 38238 words, 681 OOVs
0 zeroprobs, logprob= -85131.1 ppl= 97.02028 ppl1= 184.8065
file ../ngram-count-gt/eval97.text: 5290 sentences, 38238 words, 681 OOVs
0 zeroprobs, logprob= -85131.1 ppl= 97.02028 ppl1= 184.8065
