file ../ngram-count-gt/eval97.text: 5290 sentences, 38238 words, 681 OOVs
0 zeroprobs, logprob= -86334.32 ppl= 103.501 ppl1= 198.9548
