file ../ngram-count-gt/eval97.text: 5290 sentences, 38238 words, 681 OOVs
0 zeroprobs, logprob= -85876.84 ppl= 100.9874 ppl1= 193.4521
file ../ngram-count-gt/eval97.text: 5290 sentences, 38238 words, 681 OOVs
0 zeroprobs, logprob= -97789.54 ppl= 191.5561 ppl1= 401.5719
