i was going to make some if you would tell me how to make them what do you what do you think
1 sentences, 22 words, 0 OOVs
0 zeroprobs, logprob= -31.93742 ppl= 24.46715 ppl1= 28.29442

you don't you don't know at all huh all right
1 sentences, 10 words, 0 OOVs
0 zeroprobs, logprob= -20.12321 ppl= 67.51221 ppl1= 102.8775

file -: 2 sentences, 32 words, 0 OOVs
0 zeroprobs, logprob= -52.06062 ppl= 33.97776 ppl1= 42.354
