i was going to make some if you would tell me how to make them what do you what do you think
1 sentences, 22 words, 0 OOVs
0 zeroprobs, logprob= -31.68186 ppl= 23.84911 ppl1= 27.54765

you don't you don't know at all huh all right
1 sentences, 10 words, 0 OOVs
0 zeroprobs, logprob= -20.12321 ppl= 67.5122 ppl1= 102.8775

file -: 2 sentences, 32 words, 0 OOVs
0 zeroprobs, logprob= -51.80507 ppl= 33.39477 ppl1= 41.58228
