file ../ngram-count-gt/eval97.text: 5290 sentences, 38238 words, 681 OOVs
0 zeroprobs, logprob= -86509.14 ppl= 104.4779 ppl1= 201.0986
