file ../ngram-count-gt/eval97.text: 5290 sentences, 38238 words, 960 OOVs
0 zeroprobs, logprob= -84528.74 ppl= 96.76859 ppl1= 185.1499
