file ../ngram-count-gt/eval97.text: 5290 sentences, 38238 words, 681 OOVs
0 zeroprobs, logprob= -86729.14 ppl= 105.7204 ppl1= 203.8295
file ../ngram-count-gt/eval97.text: 5290 sentences, 38238 words, 681 OOVs
0 zeroprobs, logprob= -85698.92 ppl= 100.0264 ppl1= 191.3534
