560
file ../ngram-count-gt/eval97.text: 5290 sentences, 38238 words, 681 OOVs
0 zeroprobs, logprob= -86552.01 ppl= 104.7189 ppl1= 201.628
