file ../ngram-count-gt/eval97.text: 5290 sentences, 38238 words, 0 OOVs
0 zeroprobs, logprob= -89819.23 ppl= 115.7395 ppl1= 223.3326
