file ../ngram-count-gt/eval97.text: 5290 sentences, 38238 words, 681 OOVs
0 zeroprobs, logprob= -86175.18 ppl= 102.6196 ppl1= 197.0231
file ../ngram-count-gt/eval97.text: 5290 sentences, 38238 words, 681 OOVs
0 zeroprobs, logprob= -86225.58 ppl= 102.8979 ppl1= 197.6328
