i've got a bad feeling
	p( i've | <s> ) 	= [2gram] 0.001205399 [ -2.918869 ]
	p( got | i've ...) 	= [3gram] 0.55 [ -0.2596373 ]
	p( a | got ...) 	= [3gram] 0.07692314 [ -1.113943 ]
	p( bad | a ...) 	= [1gram] 6.165604e-05 [ -4.210024 ]
	p( feeling | bad ...) 	= [1gram] 2.862693e-06 [ -5.543225 ]
	p( </s> | feeling ...) 	= [1gram] 0.07845725 [ -1.105367 ]
1 sentences, 5 words, 0 OOVs
0 zeroprobs, logprob= -15.15107 ppl= 335.1025 ppl1= 1072.045

i've got a good feeling
	p( i've | <s> ) 	= [2gram] 0.001205399 [ -2.918869 ]
	p( got | i've ...) 	= [3gram] 0.55 [ -0.2596373 ]
	p( a | got ...) 	= [3gram] 0.07692314 [ -1.113943 ]
	p( good | a ...) 	= [2gram] 0.003686639 [ -2.433369 ]
	p( feeling | good ...) 	= [1gram] 3.273747e-06 [ -5.484955 ]
	p( </s> | feeling ...) 	= [1gram] 0.07845725 [ -1.105367 ]
1 sentences, 5 words, 0 OOVs
0 zeroprobs, logprob= -13.31614 ppl= 165.7131 ppl1= 460.4984

file -: 2 sentences, 10 words, 0 OOVs
0 zeroprobs, logprob= -28.46721 ppl= 235.6499 ppl1= 702.6202
***foo 1
	p( i've | <s> ) 	= [2gram] 0.001205399 [ -2.918869 ]
	p( got | i've <s> ) 	= [3gram] 0.55 [ -0.2596373 ]
	p( feeling | bad a ) 	= [1gram] 2.862693e-06 [ -5.543225 ]
	p( </s> | feeling bad ) 	= [1gram] 0.07845725 [ -1.105367 ]
	p( bad | a got ) 	= [1gram] 6.165604e-05 [ -4.210024 ]
	p( a | got i've ) 	= [3gram] 0.07692314 [ -1.113943 ]
1 sentences, 5 words, 0 OOVs
0 zeroprobs, logprob= -15.15107 ppl= 335.1025 ppl1= 1072.045

***foo 2
	p( i've | <s> ) 	= [2gram] 0.001205399 [ -2.918869 ]
	p( got | i've <s> ) 	= [3gram] 0.55 [ -0.2596373 ]
	p( feeling | good a ) 	= [1gram] 3.273747e-06 [ -5.484955 ]
	p( </s> | feeling good ) 	= [1gram] 0.07845725 [ -1.105367 ]
	p( good | a got ) 	= [2gram] 0.003686639 [ -2.433369 ]
	p( a | got i've ) 	= [3gram] 0.07692314 [ -1.113943 ]
1 sentences, 5 words, 0 OOVs
0 zeroprobs, logprob= -13.31614 ppl= 165.7131 ppl1= 460.4984

file -: 2 sentences, 10 words, 0 OOVs
0 zeroprobs, logprob= -28.46721 ppl= 235.6499 ppl1= 702.6202
