i	 367.918818983751
and	 321.81997292443
the	 287.388246418137
you	 240.136408430992
a	 216.452206888287
to	 215.740183424278
uh	 212.228165861339
that	 198.434870485904
it	 166.32443274494
of	 163.851739066796
know	 142.372486324796
yeah	 140.615111575916
in	 118.937290806624
they	 99.8677036484737
uhhuh	 93.5050371261948
have	 90.9251553462016
but	 85.6491420957288
so	 80.7132800565543
it's	 79.0154488002139
we	 77.3333845385498
